// Jest Snapshot v1, https://goo.gl/fbAQLP

exports[`pages/Project.vue renders the page 1`] = `
<div class="project">
  <div class="d-flex mr-5 mt-4">
    <h1>My awesome Project</h1>
    <v-spacer-stub></v-spacer-stub>
    <v-btn-stub tag="button" activeclass="" to="[object Object]" type="button">
      <v-icon-stub>mdi-pencil</v-icon-stub> project.edit.button_text
    </v-btn-stub>
  </div>
</div>
`;
