// Jest Snapshot v1, https://goo.gl/fbAQLP

exports[`layouts/Default.vue renders 1`] = `
<v-app-stub id="app">
  <navigation-drawer-stub drawervisible="true"></navigation-drawer-stub>
  <app-bar-stub></app-bar-stub>
  <v-content-stub tag="main">
    <v-container-stub id="main-content" tag="div" fluid="true">
      <p class="content">Main Content</p>
    </v-container-stub>
  </v-content-stub>
  <toasts-container-stub></toasts-container-stub>
  <app-footer-stub></app-footer-stub>
</v-app-stub>
`;
