// Jest Snapshot v1, https://goo.gl/fbAQLP

exports[`layouts/Default.vue renders 1`] = `
<el-container-stub>
  <el-header-stub height="60px">
    <v-navigation-stub></v-navigation-stub>
  </el-header-stub>
  <el-main-stub>
    <p class="content">Main Content</p>
  </el-main-stub>
  <el-footer-stub height="60px">
    <v-footer-stub></v-footer-stub>
  </el-footer-stub>
</el-container-stub>
`;
