// Jest Snapshot v1, https://goo.gl/fbAQLP

exports[`components/AppBar.vue renders 1`] = `
<header class="v-sheet v-sheet--tile theme--dark v-toolbar v-app-bar v-app-bar--fixed" style="height: 64px; margin-top: 0px; transform: translateY(0px); left: 0px; right: 0px;">
  <div class="v-toolbar__content" style="height: 64px;"><button type="button" class="v-app-bar__nav-icon v-btn v-btn--flat v-btn--icon v-btn--round theme--dark v-size--default"><span class="v-btn__content"><i aria-hidden="true" class="v-icon notranslate mdi mdi-menu theme--dark"></i></span></button>
    <div class="v-toolbar__title">citegraph</div>
    <div class="v-tabs v-tabs--align-with-title theme--dark">
      <div role="tablist" class="v-item-group theme--dark v-slide-group v-tabs-bar v-tabs-bar--is-mobile white--text transparent">
        <div class="v-slide-group__prev v-slide-group__prev--disabled">
          <!---->
        </div>
        <div class="v-slide-group__wrapper">
          <div class="v-slide-group__content v-tabs-bar__content">
            <div class="v-tabs-slider-wrapper" style="transition: none;">
              <div class="v-tabs-slider"></div>
            </div>
            <div class="tab"><i aria-hidden="true" class="v-icon notranslate mr-2 mdi mdi-view-dashboard theme--dark"></i>
              projects.title
            </div>
            <div class="tab">
              First Project
              <i role="button" class="v-icon notranslate ml-2 v-icon--link mdi mdi-close theme--dark" style="font-size: 16px; display: none;"></i></div>
            <div class="tab">
              Second Project
              <i role="button" class="v-icon notranslate ml-2 v-icon--link mdi mdi-close theme--dark" style="font-size: 16px;"></i></div>
            <div class="tab">
              Last Project
              <i role="button" class="v-icon notranslate ml-2 v-icon--link mdi mdi-close theme--dark" style="font-size: 16px; display: none;"></i></div>
          </div>
        </div>
      </div>
    </div>
  </div>
</header>
`;
