// Jest Snapshot v1, https://goo.gl/fbAQLP

exports[`store/modules/projects/actions provides the actions 1`] = `
Object {
  "closeProject": [Function],
  "createProject": [Function],
  "fetchProject": [Function],
  "fetchProjects": [Function],
  "openProject": [Function],
  "unsetActiveProject": [Function],
}
`;
