// Jest Snapshot v1, https://goo.gl/fbAQLP

exports[`store/modules/visualizations/actions provides the actions 1`] = `
Object {
  "createVisualization": [Function],
  "fetchVisualization": [Function],
  "fetchVisualizations": [Function],
  "unsetCurrentVisualization": [Function],
  "updateVisualization": [Function],
}
`;
