// Jest Snapshot v1, https://goo.gl/fbAQLP

exports[`pages/AddProject.vue renders the page 1`] = `
<div class="project-add">
  <v-container-stub tag="div">
    <v-row-stub tag="div">
      <h1 class="display-1 mt-5">projects.add.title</h1>
    </v-row-stub>
    <v-form-stub class="mt-12">
      <v-row-stub tag="div" justify="center">
        <v-col-stub lg="6" tag="div">
          <v-text-field-stub errorcount="1" errormessages="" messages="" rules="" successmessages="" value="" backgroundcolor="" hint="projects.add.name_hint" label="projects.add.name" loaderheight="2" autofocus="true" clearicon="$clear" solo="true" type="text" required=""></v-text-field-stub>
        </v-col-stub>
      </v-row-stub>
      <v-row-stub tag="div" justify="center" direction="row" class="mt-5">
        <v-col-stub lg="6" tag="div" class="d-flex flex-row">
          <v-btn-stub tag="button" activeclass="" text="true" type="button">projects.add.cancel</v-btn-stub>
          <v-spacer-stub></v-spacer-stub>
          <v-btn-stub color="success" tag="button" activeclass="" disabled="true" type="submit">projects.add.submit
          </v-btn-stub>
        </v-col-stub>
      </v-row-stub>
    </v-form-stub>
  </v-container-stub>
</div>
`;
